// Jest Snapshot v1, https://goo.gl/fbAQLP

exports[`<HelloBoxComponent> should render 1`] = `
<div>
  <h1>
    Hello 
    John
     and Doe
    !
  </h1>
  <div
    class="flex flex-row"
  >
    <button
      class="button"
    >
      Click Me!
    </button>
    <button
      class="button"
    >
      Click Me Too!
    </button>
  </div>
</div>
`;
